Archive member included because of file (symbol)

d:/winavr/bin/../lib/gcc/avr/4.1.2/avr4\libgcc.a(_udivmodhi4.o)
                              lcd_lib.o (__udivmodhi4)
d:/winavr/bin/../lib/gcc/avr/4.1.2/avr4\libgcc.a(_divmodhi4.o)
                              lcd_lib.o (__divmodhi4)
d:/winavr/bin/../lib/gcc/avr/4.1.2/avr4\libgcc.a(_exit.o)
                              d:/winavr/bin/../lib/gcc/avr/4.1.2/../../../../avr/lib/avr4/crtm8535.o (exit)
d:/winavr/bin/../lib/gcc/avr/4.1.2/avr4\libgcc.a(_copy_data.o)
                              main.o (__do_copy_data)
d:/winavr/bin/../lib/gcc/avr/4.1.2/avr4\libgcc.a(_clear_bss.o)
                              main.o (__do_clear_bss)
d:/winavr/bin/../lib/gcc/avr/4.1.2/../../../../avr/lib/avr4\libc.a(iob.o)
                              main.o (__iob)
d:/winavr/bin/../lib/gcc/avr/4.1.2/../../../../avr/lib/avr4\libc.a(puts.o)
                              main.o (puts)

Allocating common symbols
Common symbol       size              file

__iob               0x6               d:/winavr/bin/../lib/gcc/avr/4.1.2/../../../../avr/lib/avr4\libc.a(iob.o)

Discarded input sections

 .stabstr       0x00000000        0x0 d:/winavr/bin/../lib/gcc/avr/4.1.2/../../../../avr/lib/avr4/crtm8535.o

Memory Configuration

Name             Origin             Length             Attributes
text             0x00000000         0x00002000         xr
data             0x00800060         0x0000ffa0         rw !x
eeprom           0x00810000         0x00010000         rw !x
*default*        0x00000000         0xffffffff

Linker script and memory map

LOAD d:/winavr/bin/../lib/gcc/avr/4.1.2/../../../../avr/lib/avr4/crtm8535.o
LOAD main.o
LOAD lcd_lib.o
LOAD d:/winavr/bin/../lib/gcc/avr/4.1.2/../../../../avr/lib/avr4\libm.a
LOAD d:/winavr/bin/../lib/gcc/avr/4.1.2/avr4\libgcc.a
LOAD d:/winavr/bin/../lib/gcc/avr/4.1.2/../../../../avr/lib/avr4\libc.a
LOAD d:/winavr/bin/../lib/gcc/avr/4.1.2/avr4\libgcc.a

.hash
 *(.hash)

.dynsym
 *(.dynsym)

.dynstr
 *(.dynstr)

.gnu.version
 *(.gnu.version)

.gnu.version_d
 *(.gnu.version_d)

.gnu.version_r
 *(.gnu.version_r)

.rel.init
 *(.rel.init)

.rela.init
 *(.rela.init)

.rel.text
 *(.rel.text)
 *(.rel.text.*)
 *(.rel.gnu.linkonce.t*)

.rela.text
 *(.rela.text)
 *(.rela.text.*)
 *(.rela.gnu.linkonce.t*)

.rel.fini
 *(.rel.fini)

.rela.fini
 *(.rela.fini)

.rel.rodata
 *(.rel.rodata)
 *(.rel.rodata.*)
 *(.rel.gnu.linkonce.r*)

.rela.rodata
 *(.rela.rodata)
 *(.rela.rodata.*)
 *(.rela.gnu.linkonce.r*)

.rel.data
 *(.rel.data)
 *(.rel.data.*)
 *(.rel.gnu.linkonce.d*)

.rela.data
 *(.rela.data)
 *(.rela.data.*)
 *(.rela.gnu.linkonce.d*)

.rel.ctors
 *(.rel.ctors)

.rela.ctors
 *(.rela.ctors)

.rel.dtors
 *(.rel.dtors)

.rela.dtors
 *(.rela.dtors)

.rel.got
 *(.rel.got)

.rela.got
 *(.rela.got)

.rel.bss
 *(.rel.bss)

.rela.bss
 *(.rela.bss)

.rel.plt
 *(.rel.plt)

.rela.plt
 *(.rela.plt)

.text           0x00000000      0x466
 *(.vectors)
 .vectors       0x00000000       0x2a d:/winavr/bin/../lib/gcc/avr/4.1.2/../../../../avr/lib/avr4/crtm8535.o
                0x00000000                __vectors
                0x00000000                __vector_default
 *(.vectors)
 *(.progmem.gcc*)
 *(.progmem*)
 .progmem.data  0x0000002a       0x40 lcd_lib.o
                0x0000002a                LcdCustomChar
                0x0000006a                . = ALIGN (0x2)
                0x0000006a                __trampolines_start = .
 *(.trampolines)
 .trampolines   0x0000006a        0x0 linker stubs
 *(.trampolines*)
                0x0000006a                __trampolines_end = .
 *(.jumptables)
 *(.jumptables*)
 *(.lowtext)
 *(.lowtext*)
                0x0000006a                __ctors_start = .
 *(.ctors)
                0x0000006a                __ctors_end = .
                0x0000006a                __dtors_start = .
 *(.dtors)
                0x0000006a                __dtors_end = .
 SORT(*)(.ctors)
 SORT(*)(.dtors)
 *(.init0)
 .init0         0x0000006a        0x0 d:/winavr/bin/../lib/gcc/avr/4.1.2/../../../../avr/lib/avr4/crtm8535.o
                0x0000006a                __init
 *(.init0)
 *(.init1)
 *(.init1)
 *(.init2)
 .init2         0x0000006a        0xc d:/winavr/bin/../lib/gcc/avr/4.1.2/../../../../avr/lib/avr4/crtm8535.o
 *(.init2)
 *(.init3)
 *(.init3)
 *(.init4)
 .init4         0x00000076       0x16 d:/winavr/bin/../lib/gcc/avr/4.1.2/avr4\libgcc.a(_copy_data.o)
                0x00000076                __do_copy_data
 .init4         0x0000008c       0x10 d:/winavr/bin/../lib/gcc/avr/4.1.2/avr4\libgcc.a(_clear_bss.o)
                0x0000008c                __do_clear_bss
 *(.init4)
 *(.init5)
 *(.init5)
 *(.init6)
 *(.init6)
 *(.init7)
 *(.init7)
 *(.init8)
 *(.init8)
 *(.init9)
 .init9         0x0000009c        0x4 d:/winavr/bin/../lib/gcc/avr/4.1.2/../../../../avr/lib/avr4/crtm8535.o
 *(.init9)
 *(.text)
 .text          0x000000a0        0x2 d:/winavr/bin/../lib/gcc/avr/4.1.2/../../../../avr/lib/avr4/crtm8535.o
                0x000000a0                __vector_1
                0x000000a0                __vector_12
                0x000000a0                __bad_interrupt
                0x000000a0                __vector_6
                0x000000a0                __vector_3
                0x000000a0                __vector_11
                0x000000a0                __vector_13
                0x000000a0                __vector_17
                0x000000a0                __vector_19
                0x000000a0                __vector_7
                0x000000a0                __vector_5
                0x000000a0                __vector_4
                0x000000a0                __vector_9
                0x000000a0                __vector_2
                0x000000a0                __vector_15
                0x000000a0                __vector_8
                0x000000a0                __vector_14
                0x000000a0                __vector_10
                0x000000a0                __vector_16
                0x000000a0                __vector_18
                0x000000a0                __vector_20
 .text          0x000000a2       0x58 main.o
                0x000000b2                Uart_PutChar
                0x000000a2                USART_Init
                0x000000cc                main
 .text          0x000000fa      0x2b6 lcd_lib.o
                0x00000328                LCDinit
                0x00000282                LCDcursorLeft
                0x00000270                LCDcursorOFF
                0x00000264                LCDcursorOn
                0x00000132                LCDsendCommand
                0x0000024a                LCDshiftRight
                0x0000029c                LCDcursorRight
                0x000001e8                LCDdefinechar
                0x00000230                LCDshiftLeft
                0x000000fa                LCDsendChar
                0x0000027c                LCDvisible
                0x00000168                LCDhome
                0x000001b8                CopyStringtoLCD
                0x000002b6                LCDprogressBar
                0x0000026a                LCDcursorOnBlink
                0x0000019c                LCDGotoXY
                0x00000162                LCDclr
                0x0000016e                LCDstring
                0x00000276                LCDblank
 .text          0x000003b0        0x0 d:/winavr/bin/../lib/gcc/avr/4.1.2/avr4\libgcc.a(_udivmodhi4.o)
 .text          0x000003b0        0x0 d:/winavr/bin/../lib/gcc/avr/4.1.2/avr4\libgcc.a(_divmodhi4.o)
 .text          0x000003b0        0x0 d:/winavr/bin/../lib/gcc/avr/4.1.2/avr4\libgcc.a(_exit.o)
 .text          0x000003b0        0x0 d:/winavr/bin/../lib/gcc/avr/4.1.2/avr4\libgcc.a(_copy_data.o)
 .text          0x000003b0        0x0 d:/winavr/bin/../lib/gcc/avr/4.1.2/avr4\libgcc.a(_clear_bss.o)
 .text          0x000003b0        0x0 d:/winavr/bin/../lib/gcc/avr/4.1.2/../../../../avr/lib/avr4\libc.a(iob.o)
 .text          0x000003b0       0x66 d:/winavr/bin/../lib/gcc/avr/4.1.2/../../../../avr/lib/avr4\libc.a(puts.o)
                0x000003b0                puts
                0x00000416                . = ALIGN (0x2)
 *(.text.*)
 .text.libgcc   0x00000416       0x28 d:/winavr/bin/../lib/gcc/avr/4.1.2/avr4\libgcc.a(_udivmodhi4.o)
                0x00000416                __udivmodhi4
 .text.libgcc   0x0000043e       0x26 d:/winavr/bin/../lib/gcc/avr/4.1.2/avr4\libgcc.a(_divmodhi4.o)
                0x0000043e                __divmodhi4
                0x0000043e                _div
 .text.libgcc   0x00000464        0x0 d:/winavr/bin/../lib/gcc/avr/4.1.2/avr4\libgcc.a(_exit.o)
 .text.libgcc   0x00000464        0x0 d:/winavr/bin/../lib/gcc/avr/4.1.2/avr4\libgcc.a(_copy_data.o)
 .text.libgcc   0x00000464        0x0 d:/winavr/bin/../lib/gcc/avr/4.1.2/avr4\libgcc.a(_clear_bss.o)
                0x00000464                . = ALIGN (0x2)
 *(.fini9)
 .fini9         0x00000464        0x0 d:/winavr/bin/../lib/gcc/avr/4.1.2/avr4\libgcc.a(_exit.o)
                0x00000464                exit
                0x00000464                _exit
 *(.fini9)
 *(.fini8)
 *(.fini8)
 *(.fini7)
 *(.fini7)
 *(.fini6)
 *(.fini6)
 *(.fini5)
 *(.fini5)
 *(.fini4)
 *(.fini4)
 *(.fini3)
 *(.fini3)
 *(.fini2)
 *(.fini2)
 *(.fini1)
 *(.fini1)
 *(.fini0)
 .fini0         0x00000464        0x2 d:/winavr/bin/../lib/gcc/avr/4.1.2/avr4\libgcc.a(_exit.o)
 *(.fini0)
                0x00000466                _etext = .

.data           0x00800060       0x18 load address 0x00000466
                0x00800060                PROVIDE (__data_start, .)
 *(.data)
 .data          0x00800060        0x0 d:/winavr/bin/../lib/gcc/avr/4.1.2/../../../../avr/lib/avr4/crtm8535.o
 .data          0x00800060       0x17 main.o
                0x00800069                uart_str
 .data          0x00800077        0x0 lcd_lib.o
 .data          0x00800077        0x0 d:/winavr/bin/../lib/gcc/avr/4.1.2/avr4\libgcc.a(_udivmodhi4.o)
 .data          0x00800077        0x0 d:/winavr/bin/../lib/gcc/avr/4.1.2/avr4\libgcc.a(_divmodhi4.o)
 .data          0x00800077        0x0 d:/winavr/bin/../lib/gcc/avr/4.1.2/avr4\libgcc.a(_exit.o)
 .data          0x00800077        0x0 d:/winavr/bin/../lib/gcc/avr/4.1.2/avr4\libgcc.a(_copy_data.o)
 .data          0x00800077        0x0 d:/winavr/bin/../lib/gcc/avr/4.1.2/avr4\libgcc.a(_clear_bss.o)
 .data          0x00800077        0x0 d:/winavr/bin/../lib/gcc/avr/4.1.2/../../../../avr/lib/avr4\libc.a(iob.o)
 .data          0x00800077        0x0 d:/winavr/bin/../lib/gcc/avr/4.1.2/../../../../avr/lib/avr4\libc.a(puts.o)
 *(.data*)
 *(.rodata)
 *(.rodata*)
 *(.gnu.linkonce.d*)
                0x00800078                . = ALIGN (0x2)
 *fill*         0x00800077        0x1 00
                0x00800078                _edata = .
                0x00800078                PROVIDE (__data_end, .)

.bss            0x00800078        0x6
                0x00800078                PROVIDE (__bss_start, .)
 *(.bss)
 .bss           0x00800078        0x0 d:/winavr/bin/../lib/gcc/avr/4.1.2/../../../../avr/lib/avr4/crtm8535.o
 .bss           0x00800078        0x0 main.o
 .bss           0x00800078        0x0 lcd_lib.o
 .bss           0x00800078        0x0 d:/winavr/bin/../lib/gcc/avr/4.1.2/avr4\libgcc.a(_udivmodhi4.o)
 .bss           0x00800078        0x0 d:/winavr/bin/../lib/gcc/avr/4.1.2/avr4\libgcc.a(_divmodhi4.o)
 .bss           0x00800078        0x0 d:/winavr/bin/../lib/gcc/avr/4.1.2/avr4\libgcc.a(_exit.o)
 .bss           0x00800078        0x0 d:/winavr/bin/../lib/gcc/avr/4.1.2/avr4\libgcc.a(_copy_data.o)
 .bss           0x00800078        0x0 d:/winavr/bin/../lib/gcc/avr/4.1.2/avr4\libgcc.a(_clear_bss.o)
 .bss           0x00800078        0x0 d:/winavr/bin/../lib/gcc/avr/4.1.2/../../../../avr/lib/avr4\libc.a(iob.o)
 .bss           0x00800078        0x0 d:/winavr/bin/../lib/gcc/avr/4.1.2/../../../../avr/lib/avr4\libc.a(puts.o)
 *(.bss*)
 *(COMMON)
 COMMON         0x00800078        0x6 d:/winavr/bin/../lib/gcc/avr/4.1.2/../../../../avr/lib/avr4\libc.a(iob.o)
                0x00800078                __iob
                0x0080007e                PROVIDE (__bss_end, .)
                0x00000466                __data_load_start = LOADADDR (.data)
                0x0000047e                __data_load_end = (__data_load_start + SIZEOF (.data))

.noinit         0x0080007e        0x0
                0x0080007e                PROVIDE (__noinit_start, .)
 *(.noinit*)
                0x0080007e                PROVIDE (__noinit_end, .)
                0x0080007e                _end = .
                0x0080007e                PROVIDE (__heap_start, .)

.eeprom         0x00810000        0x0
 *(.eeprom*)
                0x00810000                __eeprom_end = .

.stab           0x00000000      0x378
 *(.stab)
 .stab          0x00000000      0x378 d:/winavr/bin/../lib/gcc/avr/4.1.2/../../../../avr/lib/avr4/crtm8535.o

.stabstr        0x00000000       0x71
 *(.stabstr)
 .stabstr       0x00000000       0x71 d:/winavr/bin/../lib/gcc/avr/4.1.2/../../../../avr/lib/avr4/crtm8535.o

.stab.excl
 *(.stab.excl)

.stab.exclstr
 *(.stab.exclstr)

.stab.index
 *(.stab.index)

.stab.indexstr
 *(.stab.indexstr)

.comment
 *(.comment)

.debug
 *(.debug)

.line
 *(.line)

.debug_srcinfo
 *(.debug_srcinfo)

.debug_sfnames
 *(.debug_sfnames)

.debug_aranges  0x00000000       0x40
 *(.debug_aranges)
 .debug_aranges
                0x00000000       0x20 main.o
 .debug_aranges
                0x00000020       0x20 lcd_lib.o

.debug_pubnames
                0x00000000      0x1a1
 *(.debug_pubnames)
 .debug_pubnames
                0x00000000       0x48 main.o
 .debug_pubnames
                0x00000048      0x159 lcd_lib.o

.debug_info     0x00000000      0xb60
 *(.debug_info)
 .debug_info    0x00000000      0x213 main.o
 .debug_info    0x00000213      0x94d lcd_lib.o
 *(.gnu.linkonce.wi.*)

.debug_abbrev   0x00000000      0x316
 *(.debug_abbrev)
 .debug_abbrev  0x00000000      0x138 main.o
 .debug_abbrev  0x00000138      0x1de lcd_lib.o

.debug_line     0x00000000      0x627
 *(.debug_line)
 .debug_line    0x00000000      0x18e main.o
 .debug_line    0x0000018e      0x499 lcd_lib.o

.debug_frame    0x00000000      0x180
 *(.debug_frame)
 .debug_frame   0x00000000       0x40 main.o
 .debug_frame   0x00000040      0x140 lcd_lib.o

.debug_str      0x00000000      0x2a9
 *(.debug_str)
 .debug_str     0x00000000      0x117 main.o
                                0x16f (size before relaxing)
 .debug_str     0x00000117      0x192 lcd_lib.o
                                0x2b7 (size before relaxing)

.debug_loc      0x00000000      0x3e4
 *(.debug_loc)
 .debug_loc     0x00000000       0x46 main.o
 .debug_loc     0x00000046      0x39e lcd_lib.o

.debug_macinfo
 *(.debug_macinfo)
OUTPUT(main.elf elf32-avr)
LOAD linker stubs

Cross Reference Table

Symbol                                            File
CopyStringtoLCD                                   lcd_lib.o
LCDGotoXY                                         lcd_lib.o
LCDblank                                          lcd_lib.o
LCDclr                                            lcd_lib.o
                                                  main.o
LCDcursorLeft                                     lcd_lib.o
LCDcursorOFF                                      lcd_lib.o
LCDcursorOn                                       lcd_lib.o
LCDcursorOnBlink                                  lcd_lib.o
LCDcursorRight                                    lcd_lib.o
LCDdefinechar                                     lcd_lib.o
LCDhome                                           lcd_lib.o
LCDinit                                           lcd_lib.o
                                                  main.o
LCDprogressBar                                    lcd_lib.o
LCDsendChar                                       lcd_lib.o
LCDsendCommand                                    lcd_lib.o
LCDshiftLeft                                      lcd_lib.o
LCDshiftRight                                     lcd_lib.o
LCDstring                                         lcd_lib.o
                                                  main.o
LCDvisible                                        lcd_lib.o
LcdCustomChar                                     lcd_lib.o
USART_Init                                        main.o
Uart_PutChar                                      main.o
__bad_interrupt                                   d:/winavr/bin/../lib/gcc/avr/4.1.2/../../../../avr/lib/avr4/crtm8535.o
__bss_end                                         d:/winavr/bin/../lib/gcc/avr/4.1.2/avr4\libgcc.a(_clear_bss.o)
__bss_start                                       d:/winavr/bin/../lib/gcc/avr/4.1.2/avr4\libgcc.a(_clear_bss.o)
__data_end                                        d:/winavr/bin/../lib/gcc/avr/4.1.2/avr4\libgcc.a(_copy_data.o)
__data_load_start                                 d:/winavr/bin/../lib/gcc/avr/4.1.2/avr4\libgcc.a(_copy_data.o)
__data_start                                      d:/winavr/bin/../lib/gcc/avr/4.1.2/avr4\libgcc.a(_copy_data.o)
__divmodhi4                                       d:/winavr/bin/../lib/gcc/avr/4.1.2/avr4\libgcc.a(_divmodhi4.o)
                                                  lcd_lib.o
__do_clear_bss                                    d:/winavr/bin/../lib/gcc/avr/4.1.2/avr4\libgcc.a(_clear_bss.o)
                                                  d:/winavr/bin/../lib/gcc/avr/4.1.2/../../../../avr/lib/avr4\libc.a(puts.o)
                                                  d:/winavr/bin/../lib/gcc/avr/4.1.2/../../../../avr/lib/avr4\libc.a(iob.o)
                                                  lcd_lib.o
                                                  main.o
__do_copy_data                                    d:/winavr/bin/../lib/gcc/avr/4.1.2/avr4\libgcc.a(_copy_data.o)
                                                  d:/winavr/bin/../lib/gcc/avr/4.1.2/../../../../avr/lib/avr4\libc.a(puts.o)
                                                  d:/winavr/bin/../lib/gcc/avr/4.1.2/../../../../avr/lib/avr4\libc.a(iob.o)
                                                  lcd_lib.o
                                                  main.o
__heap_end                                        d:/winavr/bin/../lib/gcc/avr/4.1.2/../../../../avr/lib/avr4/crtm8535.o
__init                                            d:/winavr/bin/../lib/gcc/avr/4.1.2/../../../../avr/lib/avr4/crtm8535.o
__iob                                             d:/winavr/bin/../lib/gcc/avr/4.1.2/../../../../avr/lib/avr4\libc.a(puts.o)
                                                  d:/winavr/bin/../lib/gcc/avr/4.1.2/../../../../avr/lib/avr4\libc.a(iob.o)
                                                  main.o
__stack                                           d:/winavr/bin/../lib/gcc/avr/4.1.2/../../../../avr/lib/avr4/crtm8535.o
__udivmodhi4                                      d:/winavr/bin/../lib/gcc/avr/4.1.2/avr4\libgcc.a(_udivmodhi4.o)
                                                  d:/winavr/bin/../lib/gcc/avr/4.1.2/avr4\libgcc.a(_divmodhi4.o)
                                                  lcd_lib.o
__vector_1                                        d:/winavr/bin/../lib/gcc/avr/4.1.2/../../../../avr/lib/avr4/crtm8535.o
__vector_10                                       d:/winavr/bin/../lib/gcc/avr/4.1.2/../../../../avr/lib/avr4/crtm8535.o
__vector_11                                       d:/winavr/bin/../lib/gcc/avr/4.1.2/../../../../avr/lib/avr4/crtm8535.o
__vector_12                                       d:/winavr/bin/../lib/gcc/avr/4.1.2/../../../../avr/lib/avr4/crtm8535.o
__vector_13                                       d:/winavr/bin/../lib/gcc/avr/4.1.2/../../../../avr/lib/avr4/crtm8535.o
__vector_14                                       d:/winavr/bin/../lib/gcc/avr/4.1.2/../../../../avr/lib/avr4/crtm8535.o
__vector_15                                       d:/winavr/bin/../lib/gcc/avr/4.1.2/../../../../avr/lib/avr4/crtm8535.o
__vector_16                                       d:/winavr/bin/../lib/gcc/avr/4.1.2/../../../../avr/lib/avr4/crtm8535.o
__vector_17                                       d:/winavr/bin/../lib/gcc/avr/4.1.2/../../../../avr/lib/avr4/crtm8535.o
__vector_18                                       d:/winavr/bin/../lib/gcc/avr/4.1.2/../../../../avr/lib/avr4/crtm8535.o
__vector_19                                       d:/winavr/bin/../lib/gcc/avr/4.1.2/../../../../avr/lib/avr4/crtm8535.o
__vector_2                                        d:/winavr/bin/../lib/gcc/avr/4.1.2/../../../../avr/lib/avr4/crtm8535.o
__vector_20                                       d:/winavr/bin/../lib/gcc/avr/4.1.2/../../../../avr/lib/avr4/crtm8535.o
__vector_3                                        d:/winavr/bin/../lib/gcc/avr/4.1.2/../../../../avr/lib/avr4/crtm8535.o
__vector_4                                        d:/winavr/bin/../lib/gcc/avr/4.1.2/../../../../avr/lib/avr4/crtm8535.o
__vector_5                                        d:/winavr/bin/../lib/gcc/avr/4.1.2/../../../../avr/lib/avr4/crtm8535.o
__vector_6                                        d:/winavr/bin/../lib/gcc/avr/4.1.2/../../../../avr/lib/avr4/crtm8535.o
__vector_7                                        d:/winavr/bin/../lib/gcc/avr/4.1.2/../../../../avr/lib/avr4/crtm8535.o
__vector_8                                        d:/winavr/bin/../lib/gcc/avr/4.1.2/../../../../avr/lib/avr4/crtm8535.o
__vector_9                                        d:/winavr/bin/../lib/gcc/avr/4.1.2/../../../../avr/lib/avr4/crtm8535.o
__vector_default                                  d:/winavr/bin/../lib/gcc/avr/4.1.2/../../../../avr/lib/avr4/crtm8535.o
__vectors                                         d:/winavr/bin/../lib/gcc/avr/4.1.2/../../../../avr/lib/avr4/crtm8535.o
_div                                              d:/winavr/bin/../lib/gcc/avr/4.1.2/avr4\libgcc.a(_divmodhi4.o)
_exit                                             d:/winavr/bin/../lib/gcc/avr/4.1.2/avr4\libgcc.a(_exit.o)
exit                                              d:/winavr/bin/../lib/gcc/avr/4.1.2/avr4\libgcc.a(_exit.o)
                                                  d:/winavr/bin/../lib/gcc/avr/4.1.2/../../../../avr/lib/avr4/crtm8535.o
main                                              main.o
                                                  d:/winavr/bin/../lib/gcc/avr/4.1.2/../../../../avr/lib/avr4/crtm8535.o
puts                                              d:/winavr/bin/../lib/gcc/avr/4.1.2/../../../../avr/lib/avr4\libc.a(puts.o)
                                                  main.o
uart_str                                          main.o
